
> fmg-vendor-onboarding@0.0.0 build
> tsc && vite build

vite v5.4.21 building for production...
transforming...
✓ 4939 modules transformed.
rendering chunks...
computing gzip size...
dist/index.html                   0.88 kB │ gzip:   0.48 kB
dist/assets/index-DIJA-8qw.css   22.44 kB │ gzip:   6.51 kB
dist/assets/index-Coh0a0f_.js   361.40 kB │ gzip: 112.75 kB
✓ built in 1.52s
